// Jest Snapshot v1, https://goo.gl/fbAQLP

exports[`createSocketUrl should return the url when __resourceQuery is ?test 1`] = `"/ws"`;

exports[`createSocketUrl should return the url when __resourceQuery is file://filename 1`] = `"file://filename/ws"`;

exports[`createSocketUrl should return the url when __resourceQuery is http://0.0.0.0 1`] = `"http://localhost/ws"`;

exports[`createSocketUrl should return the url when __resourceQuery is http://127.0.0.1 1`] = `"http://127.0.0.1/ws"`;

exports[`createSocketUrl should return the url when __resourceQuery is http://user:pass@[::]:8080 1`] = `"http://user:pass@localhost:8080/ws"`;

exports[`createSocketUrl should return the url when __resourceQuery is http://user:password@localhost/ 1`] = `"http://user:password@localhost/ws"`;

exports[`createSocketUrl should return the url when __resourceQuery is https://example.com 1`] = `"https://example.com/ws"`;

exports[`createSocketUrl should return the url when __resourceQuery is https://example.com/path 1`] = `"https://example.com/ws"`;

exports[`createSocketUrl should return the url when __resourceQuery is https://example.com/path/foo.js 1`] = `"https://example.com/ws"`;

exports[`createSocketUrl should return the url when __resourceQuery is https://localhost:123 1`] = `"https://localhost:123/ws"`;

exports[`createSocketUrl should return the url when __resourceQuery is undefined 1`] = `"/ws"`;

exports[`createSocketUrl should return the url when the current script source is ?test 1`] = `"/ws"`;

exports[`createSocketUrl should return the url when the current script source is file://filename 1`] = `"file://filename/ws"`;

exports[`createSocketUrl should return the url when the current script source is http://0.0.0.0 1`] = `"http://localhost/ws"`;

exports[`createSocketUrl should return the url when the current script source is http://127.0.0.1 1`] = `"http://127.0.0.1/ws"`;

exports[`createSocketUrl should return the url when the current script source is http://user:pass@[::]:8080 1`] = `"http://user:pass@localhost:8080/ws"`;

exports[`createSocketUrl should return the url when the current script source is http://user:password@localhost/ 1`] = `"http://user:password@localhost/ws"`;

exports[`createSocketUrl should return the url when the current script source is https://example.com 1`] = `"https://example.com/ws"`;

exports[`createSocketUrl should return the url when the current script source is https://example.com/path 1`] = `"https://example.com/ws"`;

exports[`createSocketUrl should return the url when the current script source is https://example.com/path/foo.js 1`] = `"https://example.com/ws"`;

exports[`createSocketUrl should return the url when the current script source is https://localhost:123 1`] = `"https://localhost:123/ws"`;

exports[`createSocketUrl should return the url when the current script source is undefined 1`] = `"/ws"`;
