// Jest Snapshot v1, https://goo.gl/fbAQLP

exports[`getCurrentScriptSource should fail when script source doesn't exist 1`] = `[Error: [WDS] Failed to get current script source.]`;
