// Jest Snapshot v1, https://goo.gl/fbAQLP

exports[`runBonjour should call bonjour.publish 1`] = `
Object {
  "name": "Webpack Dev Server",
  "port": 1111,
  "subtypes": Array [
    "webpack",
  ],
  "type": "http",
}
`;
