// Jest Snapshot v1, https://goo.gl/fbAQLP

exports[`findPort should throws the error when the port isn't found 1`] = `"busy"`;
