// Jest Snapshot v1, https://goo.gl/fbAQLP

exports[`transportMode client custom client on browser client logs correctly 1`] = `
Array [
  "Hey.",
  "open",
  "liveReload",
  "[webpack-dev-server] Live Reloading enabled.",
  "hash",
  "ok",
  "close",
  "[webpack-dev-server] Disconnected!",
]
`;

exports[`transportMode client sockjs on browser client logs correctly 1`] = `
Array [
  "Hey.",
  "[webpack-dev-server] Live Reloading enabled.",
  "[webpack-dev-server] Disconnected!",
]
`;

exports[`transportMode client ws on browser client logs correctly 1`] = `
Array [
  "Hey.",
  "[webpack-dev-server] Live Reloading enabled.",
  "[webpack-dev-server] Disconnected!",
]
`;
