// Jest Snapshot v1, https://goo.gl/fbAQLP

exports[`Server addEntries add hot option 1`] = `
Array [
  Array [
    "client",
    "index.js?http:",
    "localhost:8100",
  ],
  Array [
    "node_modules",
    "webpack",
    "hot",
    "dev-server.js",
  ],
  Array [
    "foo.js",
  ],
]
`;

exports[`Server addEntries add hot option 2`] = `
Array [
  HotModuleReplacementPlugin {
    "fullBuildTimeout": 200,
    "multiStep": undefined,
    "options": Object {},
    "requestTimeout": 10000,
  },
]
`;

exports[`Server addEntries add hotOnly option 1`] = `
Array [
  Array [
    "client",
    "index.js?http:",
    "localhost:8100",
  ],
  Array [
    "node_modules",
    "webpack",
    "hot",
    "only-dev-server.js",
  ],
  Array [
    "foo.js",
  ],
]
`;

exports[`Server addEntries add hotOnly option 2`] = `
Array [
  HotModuleReplacementPlugin {
    "fullBuildTimeout": 200,
    "multiStep": undefined,
    "options": Object {},
    "requestTimeout": 10000,
  },
]
`;
