// Jest Snapshot v1, https://goo.gl/fbAQLP

exports[`stats option should works with difference stats values (contains 'hash', 'assets', 'warnings' and 'errors') 1`] = `
Array [
  "errors",
  "warnings",
  "hash",
  "assetsByChunkName",
  "assets",
  "filteredAssets",
]
`;

exports[`stats option should works with difference stats values (contains 'hash', 'assets', 'warnings' and 'errors') 2`] = `
Array [
  "errors",
  "warnings",
  "hash",
  "assetsByChunkName",
  "assets",
  "filteredAssets",
]
`;

exports[`stats option should works with difference stats values (contains 'hash', 'assets', 'warnings' and 'errors') 3`] = `
Array [
  "errors",
  "warnings",
  "hash",
  "assetsByChunkName",
  "assets",
  "filteredAssets",
]
`;

exports[`stats option should works with difference stats values (contains 'hash', 'assets', 'warnings' and 'errors') 4`] = `
Array [
  "errors",
  "warnings",
  "hash",
  "assetsByChunkName",
  "assets",
  "filteredAssets",
]
`;

exports[`stats option should works with difference stats values (contains 'hash', 'assets', 'warnings' and 'errors') 5`] = `
Array [
  "errors",
  "warnings",
  "hash",
  "assetsByChunkName",
  "assets",
  "filteredAssets",
]
`;
