// Jest Snapshot v1, https://goo.gl/fbAQLP

exports[`transportMode client is passed to getSocketClientPath correctly as a string ("sockjs") 1`] = `
Object {
  "client": "sockjs",
  "server": "sockjs",
}
`;

exports[`transportMode server is passed to getSocketServerImplementation correctly as a string ("sockjs") 1`] = `
Object {
  "client": "sockjs",
  "server": "sockjs",
}
`;

exports[`transportMode server is passed to getSocketServerImplementation correctly as a string ("ws") 1`] = `
Object {
  "client": "ws",
  "server": "ws",
}
`;

exports[`transportMode server passed to server with a bad host header results in an error 1`] = `
Array [
  "open",
  "{\\"type\\":\\"error\\",\\"data\\":\\"Invalid Host/Origin header\\"}",
  "close",
]
`;

exports[`transportMode server passed to server without a header results in an error 1`] = `
Array [
  "open",
  "{\\"type\\":\\"error\\",\\"data\\":\\"Invalid Host/Origin header\\"}",
  "close",
]
`;

exports[`transportMode server server should close client with bad headers 1`] = `
Array [
  Array [
    [Function],
  ],
]
`;

exports[`transportMode server server should close client with bad headers 2`] = `
Array [
  Array [
    Object {
      "foo": "bar",
    },
    "{\\"type\\":\\"error\\",\\"data\\":\\"Invalid Host/Origin header\\"}",
  ],
]
`;

exports[`transportMode server server should close client with bad headers 3`] = `
Array [
  Array [
    Object {
      "foo": "bar",
    },
  ],
]
`;

exports[`transportMode server server should use server implementation correctly 1`] = `
Array [
  Object {
    "foo": "bar",
  },
]
`;

exports[`transportMode server server should use server implementation correctly 2`] = `
Array [
  Array [
    [Function],
  ],
]
`;

exports[`transportMode server server should use server implementation correctly 3`] = `
Array [
  Object {
    "foo": "bar",
  },
  "{\\"type\\":\\"hot\\"}",
]
`;

exports[`transportMode server server should use server implementation correctly 4`] = `
Array [
  Object {
    "foo": "bar",
  },
  "{\\"type\\":\\"liveReload\\"}",
]
`;

exports[`transportMode server server should use server implementation correctly 5`] = `
Array [
  Object {
    "foo": "bar",
  },
  "{\\"type\\":\\"ok\\"}",
]
`;

exports[`transportMode server server should use server implementation correctly 6`] = `
Array [
  Array [
    Object {
      "foo": "bar",
    },
    [Function],
  ],
]
`;
