// Jest Snapshot v1, https://goo.gl/fbAQLP

exports[`index should run onSocketMessage.close 1`] = `"[WDS] Disconnected!"`;

exports[`index should run onSocketMessage.close 2`] = `"Close"`;

exports[`index should run onSocketMessage.error 1`] = `"error!!"`;

exports[`index should run onSocketMessage.errors 1`] = `"[WDS] Errors while compiling. Reload prevented."`;

exports[`index should run onSocketMessage.errors 2`] = `"Errors"`;

exports[`index should run onSocketMessage.errors 3`] = `
Array [
  Array [
    "error1",
  ],
  Array [
    "error2",
  ],
  Array [
    "error3",
  ],
]
`;

exports[`index should run onSocketMessage.hot 1`] = `"[WDS] Hot Module Replacement enabled."`;

exports[`index should run onSocketMessage.invalid 1`] = `"[WDS] App updated. Recompiling..."`;

exports[`index should run onSocketMessage.invalid 2`] = `"Invalid"`;

exports[`index should run onSocketMessage.liveReload 1`] = `"[WDS] Live Reloading enabled."`;

exports[`index should run onSocketMessage.ok 1`] = `"Ok"`;

exports[`index should run onSocketMessage.ok 2`] = `
Object {
  "hot": false,
  "hotReload": true,
  "initial": false,
  "liveReload": false,
  "useErrorOverlay": false,
  "useProgress": false,
  "useWarningOverlay": false,
}
`;

exports[`index should run onSocketMessage.progress and onSocketMessage['progress-update'] 1`] = `"Progress"`;

exports[`index should run onSocketMessage.progress and onSocketMessage['progress-update'] 2`] = `"[WDS] 12% - mock-msg."`;

exports[`index should run onSocketMessage.warnings 1`] = `"[WDS] Warnings while compiling."`;

exports[`index should run onSocketMessage.warnings 2`] = `"Warnings"`;

exports[`index should run onSocketMessage.warnings 3`] = `
Array [
  Array [
    "warn1",
  ],
  Array [
    "warn2",
  ],
  Array [
    "warn3",
  ],
]
`;

exports[`index should run onSocketMessage['content-changed'] 1`] = `"[WDS] Content base changed. Reloading..."`;

exports[`index should run onSocketMessage['still-ok'] 1`] = `"[WDS] Nothing changed."`;

exports[`index should run onSocketMessage['still-ok'] 2`] = `"StillOk"`;

exports[`index should set arguments into socket function 1`] = `
Array [
  "mock-url",
  Object {
    "close": [Function],
    "content-changed": [Function],
    "error": [Function],
    "errors": [Function],
    "hash": [Function],
    "hot": [Function],
    "invalid": [Function],
    "liveReload": [Function],
    "log-level": [Function],
    "ok": [Function],
    "overlay": [Function],
    "progress": [Function],
    "progress-update": [Function],
    "still-ok": [Function],
    "warnings": [Function],
  },
]
`;
